Watching for file changes with StatReloader
[06/Aug/2026 05:42:09] "GET /api/demo-banks/ HTTP/1.1" 200 326
[06/Aug/2026 05:42:09,681] - Broken pipe from ('127.0.0.1', 53909)
[06/Aug/2026 05:42:29] "OPTIONS /api/auth/login/ HTTP/1.1" 200 0
[06/Aug/2026 05:42:30] "POST /api/auth/login/ HTTP/1.1" 200 164
[06/Aug/2026 05:42:30] "OPTIONS /api/loan-ads/ HTTP/1.1" 200 0
[06/Aug/2026 05:42:30] "OPTIONS /api/banks/ HTTP/1.1" 200 0
[06/Aug/2026 05:42:30] "OPTIONS /api/applications/ HTTP/1.1" 200 0
[06/Aug/2026 05:42:30] "OPTIONS /api/applications/ HTTP/1.1" 200 0
[06/Aug/2026 05:42:30] "OPTIONS /api/banks/ HTTP/1.1" 200 0
[06/Aug/2026 05:42:30] "GET /api/applications/ HTTP/1.1" 200 2
[06/Aug/2026 05:42:30] "GET /api/applications/ HTTP/1.1" 200 2
[06/Aug/2026 05:42:30] "GET /api/banks/ HTTP/1.1" 200 451
[06/Aug/2026 05:42:30] "GET /api/banks/ HTTP/1.1" 200 451
[06/Aug/2026 05:42:30] "GET /api/loan-ads/ HTTP/1.1" 200 1442
[06/Aug/2026 05:42:30] "GET /api/loan-ads/ HTTP/1.1" 200 1442
[06/Aug/2026 05:42:38] "GET /api/demo-banks/ HTTP/1.1" 200 326
[06/Aug/2026 05:42:38] "GET /api/demo-banks/ HTTP/1.1" 200 326
[06/Aug/2026 05:42:45] "POST /api/auth/login/ HTTP/1.1" 200 181
[06/Aug/2026 05:42:45] "GET /api/applications/ HTTP/1.1" 200 2
[06/Aug/2026 05:42:46] "GET /api/applications/ HTTP/1.1" 200 2
[06/Aug/2026 05:43:03] "POST /api/auth/login/ HTTP/1.1" 200 171
[06/Aug/2026 05:43:03] "OPTIONS /api/admin/summary/ HTTP/1.1" 200 0
[06/Aug/2026 05:43:03] "OPTIONS /api/admin/summary/ HTTP/1.1" 200 0
[06/Aug/2026 05:43:03] "GET /api/admin/summary/ HTTP/1.1" 200 962
[06/Aug/2026 05:43:03] "GET /api/admin/summary/ HTTP/1.1" 200 962
[06/Aug/2026 05:45:24] "POST /api/auth/login/ HTTP/1.1" 200 164
[06/Aug/2026 05:45:24] "GET /api/applications/ HTTP/1.1" 200 2
[06/Aug/2026 05:45:24] "GET /api/loan-ads/ HTTP/1.1" 200 1442
[06/Aug/2026 05:45:24] "GET /api/banks/ HTTP/1.1" 200 451
[06/Aug/2026 05:45:24] "GET /api/applications/ HTTP/1.1" 200 2
[06/Aug/2026 05:45:24] "GET /api/loan-ads/ HTTP/1.1" 200 1442
[06/Aug/2026 05:45:24] "GET /api/banks/ HTTP/1.1" 200 451
[06/Aug/2026 05:46:57] "OPTIONS /api/auth/me/ HTTP/1.1" 200 0
[06/Aug/2026 05:46:57] "OPTIONS /api/auth/me/ HTTP/1.1" 200 0
[06/Aug/2026 05:46:57] "GET /api/auth/me/ HTTP/1.1" 200 104
[06/Aug/2026 05:46:57] "GET /api/auth/me/ HTTP/1.1" 200 104
[06/Aug/2026 05:46:57] "GET /api/applications/ HTTP/1.1" 200 2
[06/Aug/2026 05:46:57] "GET /api/loan-ads/ HTTP/1.1" 200 1442
[06/Aug/2026 05:46:57] "GET /api/banks/ HTTP/1.1" 200 451
[06/Aug/2026 05:46:57] "GET /api/applications/ HTTP/1.1" 200 2
[06/Aug/2026 05:46:57] "GET /api/loan-ads/ HTTP/1.1" 200 1442
[06/Aug/2026 05:46:57] "GET /api/banks/ HTTP/1.1" 200 451
[06/Aug/2026 09:22:41] "OPTIONS /api/auth/me/ HTTP/1.1" 200 0
[06/Aug/2026 09:22:41] "OPTIONS /api/auth/me/ HTTP/1.1" 200 0
[06/Aug/2026 09:22:41] "GET /api/auth/me/ HTTP/1.1" 200 104
[06/Aug/2026 09:22:41] "GET /api/auth/me/ HTTP/1.1" 200 104
[06/Aug/2026 09:22:41] "OPTIONS /api/banks/ HTTP/1.1" 200 0
[06/Aug/2026 09:22:41] "OPTIONS /api/loan-ads/ HTTP/1.1" 200 0
[06/Aug/2026 09:22:41] "OPTIONS /api/applications/ HTTP/1.1" 200 0
[06/Aug/2026 09:22:41] "OPTIONS /api/banks/ HTTP/1.1" 200 0
[06/Aug/2026 09:22:41] "OPTIONS /api/loan-ads/ HTTP/1.1" 200 0
[06/Aug/2026 09:22:41] "OPTIONS /api/applications/ HTTP/1.1" 200 0
[06/Aug/2026 09:22:41] "GET /api/banks/ HTTP/1.1" 200 451
[06/Aug/2026 09:22:41] "GET /api/applications/ HTTP/1.1" 200 2
[06/Aug/2026 09:22:41] "GET /api/loan-ads/ HTTP/1.1" 200 1442
[06/Aug/2026 09:22:41] "GET /api/applications/ HTTP/1.1" 200 2
[06/Aug/2026 09:22:41] "GET /api/banks/ HTTP/1.1" 200 451
[06/Aug/2026 09:22:41] "GET /api/loan-ads/ HTTP/1.1" 200 1442
[06/Aug/2026 09:23:21] "OPTIONS /api/auth/login/ HTTP/1.1" 200 0
[06/Aug/2026 09:23:22] "POST /api/auth/login/ HTTP/1.1" 200 164
[06/Aug/2026 09:23:22] "GET /api/applications/ HTTP/1.1" 200 2
[06/Aug/2026 09:23:22] "GET /api/banks/ HTTP/1.1" 200 451
[06/Aug/2026 09:23:22] "GET /api/loan-ads/ HTTP/1.1" 200 1442
[06/Aug/2026 09:23:22] "GET /api/applications/ HTTP/1.1" 200 2
[06/Aug/2026 09:23:22] "GET /api/banks/ HTTP/1.1" 200 451
[06/Aug/2026 09:23:22] "GET /api/loan-ads/ HTTP/1.1" 200 1442
[06/Aug/2026 09:24:04] "POST /api/applications/ HTTP/1.1" 201 582
[06/Aug/2026 09:24:04] "GET /api/applications/ HTTP/1.1" 200 584
[06/Aug/2026 09:24:04] "GET /api/loan-ads/ HTTP/1.1" 200 1442
[06/Aug/2026 09:24:04] "GET /api/banks/ HTTP/1.1" 200 451
[06/Aug/2026 09:28:30] "GET /api/demo-banks/ HTTP/1.1" 200 326
[06/Aug/2026 09:28:30] "GET /api/demo-banks/ HTTP/1.1" 200 326
[06/Aug/2026 09:28:50] "POST /api/auth/login/ HTTP/1.1" 200 181
[06/Aug/2026 09:28:50] "GET /api/applications/ HTTP/1.1" 200 584
[06/Aug/2026 09:28:50] "GET /api/applications/ HTTP/1.1" 200 584
[06/Aug/2026 09:28:58] "OPTIONS /api/applications/6a74055ce478423aa8d311bb/ HTTP/1.1" 200 0
[06/Aug/2026 09:29:03] "PATCH /api/applications/6a74055ce478423aa8d311bb/ HTTP/1.1" 200 709
[06/Aug/2026 09:29:03] "GET /api/applications/ HTTP/1.1" 200 585
[06/Aug/2026 09:29:05] "PATCH /api/applications/6a74055ce478423aa8d311bb/ HTTP/1.1" 200 709
[06/Aug/2026 09:29:05] "GET /api/applications/ HTTP/1.1" 200 585
[06/Aug/2026 09:29:06] "PATCH /api/applications/6a74055ce478423aa8d311bb/ HTTP/1.1" 200 709
[06/Aug/2026 09:29:06] "GET /api/applications/ HTTP/1.1" 200 585
[06/Aug/2026 09:29:07] "PATCH /api/applications/6a74055ce478423aa8d311bb/ HTTP/1.1" 200 709
[06/Aug/2026 09:29:07] "GET /api/applications/ HTTP/1.1" 200 585
[06/Aug/2026 09:29:09] "PATCH /api/applications/6a74055ce478423aa8d311bb/ HTTP/1.1" 200 709
[06/Aug/2026 09:29:09] "GET /api/applications/ HTTP/1.1" 200 585
[06/Aug/2026 09:33:06] "GET /api/demo-banks/ HTTP/1.1" 200 326
[06/Aug/2026 09:33:06] "GET /api/demo-banks/ HTTP/1.1" 200 326
[06/Aug/2026 09:33:13] "GET /api/demo-banks/ HTTP/1.1" 200 326
[06/Aug/2026 09:33:13] "GET /api/demo-banks/ HTTP/1.1" 200 326
[06/Aug/2026 09:33:17] "GET /api/demo-banks/ HTTP/1.1" 200 326
[06/Aug/2026 09:33:17] "GET /api/demo-banks/ HTTP/1.1" 200 326
[06/Aug/2026 09:33:22] "GET /api/demo-banks/ HTTP/1.1" 200 326
[06/Aug/2026 09:33:22] "GET /api/demo-banks/ HTTP/1.1" 200 326
Not Found: /
[06/Aug/2026 09:36:41] "HEAD / HTTP/1.1" 404 0
Not Found: /api/
[06/Aug/2026 09:37:33] "GET /api/ HTTP/1.1" 404 4947
[06/Aug/2026 09:38:39] "GET /api/auth/me/ HTTP/1.1" 200 121
[06/Aug/2026 09:38:39] "GET /api/auth/me/ HTTP/1.1" 200 121
[06/Aug/2026 09:38:39] "GET /api/applications/ HTTP/1.1" 200 585
[06/Aug/2026 09:38:39] "GET /api/applications/ HTTP/1.1" 200 585
[06/Aug/2026 10:19:50] "GET /api/auth/me/ HTTP/1.1" 200 121
[06/Aug/2026 10:19:50] "GET /api/auth/me/ HTTP/1.1" 200 121
[06/Aug/2026 10:19:50] "GET /api/applications/ HTTP/1.1" 200 585
[06/Aug/2026 10:19:50] "GET /api/applications/ HTTP/1.1" 200 585
[06/Aug/2026 10:21:39] "GET /api/demo-banks/ HTTP/1.1" 200 326
[06/Aug/2026 10:21:39] "GET /api/demo-banks/ HTTP/1.1" 200 326
[06/Aug/2026 10:21:42] "GET /api/auth/me/ HTTP/1.1" 200 121
[06/Aug/2026 10:21:42] "GET /api/auth/me/ HTTP/1.1" 200 121
[06/Aug/2026 10:21:42] "GET /api/applications/ HTTP/1.1" 200 585
[06/Aug/2026 10:21:42] "GET /api/applications/ HTTP/1.1" 200 585
